// Vitest Snapshot v1, https://vitest.dev/guide/snapshot.html

exports[`runConventionCollectivesImporter > should import ccn data 1`] = `
[
  {
    "data": {
      "debut": 2022-11-25T23:00:00.000Z,
      "etat": "VIGUEUR_ETEN",
      "fin": null,
      "id": "KALICONT000046660537",
      "nature": "ACCORD PROFESSIONNEL",
      "titre": "Accord professionnel du 21 juillet 2022 relatif à la reconversion ou la promotion par l'alternance « Pro-A »",
      "type": "TI",
      "url": "https://www.legifrance.gouv.fr/conv_coll/id/KALICONT000046660537",
    },
    "date_import": 2024-06-14T13:01:06.644Z,
  },
  {
    "data": {
      "debut": 2021-12-31T23:00:00.000Z,
      "etat": "VIGUEUR_ETEN",
      "fin": null,
      "id": "KALICONT000044617302",
      "idcc": 3237,
      "nature": "CONVENTION COLLECTIVE NATIONALE",
      "titre": "Convention collective nationale des métiers du commerce de détail alimentaire spécialisé du 12 janvier 2021 - Etendue par arrêté du 17 septembre 2021 JORF 23 décembre 2021",
      "type": "IDCC",
      "url": "https://www.legifrance.gouv.fr/conv_coll/id/KALICONT000044617302",
    },
    "date_import": 2024-06-14T13:01:06.644Z,
  },
  {
    "data": {
      "debut": 2023-12-31T23:00:00.000Z,
      "etat": "VIGUEUR_ETEN",
      "fin": null,
      "id": "KALICONT000046993250",
      "idcc": 3248,
      "nature": "CONVENTION COLLECTIVE NATIONALE",
      "titre": "Convention collective nationale de la métallurgie du 7 février 2022 - Étendue par arrêté du 14 décembre 2022 JORF 22 décembre 2022",
      "type": "IDCC",
      "url": "https://www.legifrance.gouv.fr/conv_coll/id/KALICONT000046993250",
    },
    "date_import": 2024-06-14T09:00:07.000Z,
  },
  {
    "data": {
      "debut": 2023-02-11T23:00:00.000Z,
      "etat": "VIGUEUR_ETEN",
      "fin": null,
      "id": "KALICONT000047124320",
      "nature": "ACCORD",
      "titre": "Accord du 7 octobre 2022 relatif à la gestion prévisionnelle des emplois et des compétences des salariés permanents",
      "type": "TI",
      "url": "https://www.legifrance.gouv.fr/conv_coll/id/KALICONT000047124320",
    },
    "date_import": 2024-06-14T09:00:07.000Z,
  },
]
`;
