// Vitest Snapshot v1, https://vitest.dev/guide/snapshot.html

exports[`searchOrganisme > tdb retro-compatibility > should be backward compatible 1`] = `
{
  "fauxPositifs": [
    {
      "isExpectedLieu": false,
      "resultSiret": "18972905600011",
      "resultUai": "9720929C",
      "rule_id": 9,
      "siret": "18972905600011",
      "type": "NON_FIABILISABLE_UAI_NON_VALIDEE",
      "uai": "9720695Y",
    },
    {
      "isExpectedLieu": false,
      "resultSiret": "19850027400040",
      "resultUai": "0851313R",
      "rule_id": 7,
      "siret": "19850028200035",
      "type": "NON_FIABILISABLE_PB_COLLECTE",
      "uai": "0851313R",
    },
    {
      "isExpectedLieu": false,
      "resultSiret": "18972905600011",
      "resultUai": "9720929C",
      "rule_id": 9,
      "siret": "18972905600011",
      "type": "NON_FIABILISABLE_UAI_NON_VALIDEE",
      "uai": "9720091S",
    },
    {
      "isExpectedLieu": false,
      "resultSiret": "34896746400028",
      "resultUai": "0802196C",
      "rule_id": 9,
      "siret": "34896746400028",
      "type": "NON_FIABILISABLE_UAI_NON_VALIDEE",
      "uai": "0020012C",
    },
    {
      "isExpectedLieu": false,
      "resultSiret": "19010017200013",
      "resultUai": "0010016M",
      "rule_id": 9,
      "siret": "19010017200013",
      "type": "NON_FIABILISABLE_UAI_VALIDEE",
      "uai": "0010016M",
    },
    {
      "isExpectedLieu": false,
      "resultSiret": "19501219000011",
      "resultUai": "0501219D",
      "rule_id": 9,
      "siret": "19500066600014",
      "type": "NON_FIABILISABLE_UAI_VALIDEE",
      "uai": "0501219D",
    },
    {
      "isExpectedLieu": false,
      "resultSiret": "37932670500033",
      "resultUai": "0391172M",
      "rule_id": 9,
      "siret": "37932670500033",
      "type": "NON_FIABILISABLE_UAI_VALIDEE",
      "uai": "0391172M",
    },
    {
      "isExpectedLieu": false,
      "resultSiret": "50013802900037",
      "resultUai": "0597090L",
      "rule_id": 7,
      "siret": "50013802900029",
      "type": "NON_FIABILISABLE_PB_COLLECTE",
      "uai": "0597090L",
    },
    {
      "isExpectedLieu": false,
      "resultSiret": "13002797200160",
      "resultUai": "0780424M",
      "rule_id": 9,
      "siret": "13002797200160",
      "type": "NON_FIABILISABLE_UAI_VALIDEE",
      "uai": "0780424M",
    },
    {
      "isExpectedLieu": false,
      "resultSiret": "30023071100016",
      "resultUai": "0690651H",
      "rule_id": 9,
      "siret": "30023071100016",
      "type": "NON_FIABILISABLE_UAI_VALIDEE",
      "uai": "0690651H",
    },
    {
      "isExpectedLieu": false,
      "resultSiret": "37932670500066",
      "resultUai": "0251750S",
      "rule_id": 9,
      "siret": "37932670500066",
      "type": "NON_FIABILISABLE_UAI_VALIDEE",
      "uai": "0251750S",
    },
    {
      "isExpectedLieu": false,
      "resultSiret": "19310055900031",
      "resultUai": "0312746S",
      "rule_id": 7,
      "siret": "19310055900031",
      "type": "NON_FIABILISABLE_PB_COLLECTE",
      "uai": "0312746S",
    },
    {
      "isExpectedLieu": false,
      "resultSiret": "53292801700013",
      "resultUai": "0861437V",
      "rule_id": 9,
      "siret": "53292801700013",
      "type": "NON_FIABILISABLE_UAI_VALIDEE",
      "uai": "0861437V",
    },
    {
      "isExpectedLieu": false,
      "resultSiret": "77838286100020",
      "resultUai": "0391146J",
      "rule_id": 9,
      "siret": "77838286100012",
      "type": "NON_FIABILISABLE_UAI_VALIDEE",
      "uai": "0391146J",
    },
    {
      "isExpectedLieu": false,
      "resultSiret": "77566202600167",
      "resultUai": "0332882D",
      "rule_id": 9,
      "siret": "77566202600167",
      "type": "NON_FIABILISABLE_UAI_VALIDEE",
      "uai": "0332882D",
    },
    {
      "isExpectedLieu": false,
      "resultSiret": "81242537900029",
      "resultUai": "0442792W",
      "rule_id": 7,
      "siret": "81242537900011",
      "type": "NON_FIABILISABLE_PB_COLLECTE",
      "uai": "0442792W",
    },
    {
      "isExpectedLieu": false,
      "resultSiret": "38204569800018",
      "resultUai": "0754226L",
      "rule_id": 7,
      "siret": "3820459800018",
      "type": "NON_FIABILISABLE_PB_COLLECTE",
      "uai": "0754226L",
    },
  ],
}
`;

exports[`searchOrganisme > tdb retro-compatibility > should be backward compatible 2`] = `
{
  "inconsistency": [
    {
      "expectedSiret": "19240007500011",
      "expectedUai": "0240007C",
      "isExpectedLieu": false,
      "resultSiret": "19330023300031",
      "resultUai": "0332820L",
      "rule_id": 2,
      "siret": "19330023300031",
      "uai": "0240007C",
    },
    {
      "expectedSiret": "19840005300023",
      "expectedUai": "0841241T",
      "isExpectedLieu": false,
      "resultSiret": "19840005300023",
      "resultUai": "0840866K",
      "rule_id": 8,
      "siret": "19840016000026",
      "uai": "0841241T",
    },
    {
      "expectedSiret": "77694419100035",
      "expectedUai": "0311145B",
      "isExpectedLieu": false,
      "resultSiret": "77694419100043",
      "resultUai": "0312065B",
      "rule_id": 2,
      "siret": "77694419100043",
      "uai": "0311145B",
    },
    {
      "expectedSiret": "19840016000026",
      "expectedUai": "0841241T",
      "isExpectedLieu": false,
      "resultSiret": "19840005300023",
      "resultUai": "0840866K",
      "rule_id": 2,
      "siret": "19840005300023",
      "uai": "0841241T",
    },
    {
      "expectedSiret": "34896746400028",
      "expectedUai": "0801907N",
      "isExpectedLieu": false,
      "resultSiret": "34896746400028",
      "resultUai": "0802196C",
      "rule_id": 8,
      "siret": "34896746400028",
      "uai": "0801907N",
    },
    {
      "expectedSiret": "19470020900019",
      "expectedUai": "0470020S",
      "isExpectedLieu": false,
      "resultSiret": "19470020900019",
      "resultUai": "0470834B",
      "rule_id": 8,
      "siret": "19470093600017",
      "uai": "0470020S",
    },
  ],
}
`;

exports[`searchOrganisme > tdb retro-compatibility > should be backward compatible 3`] = `
{
  "fauxNegatifs": [
    {
      "expectedSiret": "18800864300028",
      "expectedUai": "0802084F",
      "isExpectedLieu": false,
      "rule_id": 3,
      "siret": "18800864300028",
      "type": "A_FIABILISER",
      "uai": "0600015R",
    },
    {
      "expectedSiret": "89307491400027",
      "expectedUai": "0694566N",
      "isExpectedLieu": false,
      "rule_id": 8,
      "siret": "89307491400019",
      "type": "A_FIABILISER",
      "uai": "0694566N",
    },
    {
      "expectedSiret": "13002170200076",
      "expectedUai": "0694380L",
      "isExpectedLieu": false,
      "rule_id": 3,
      "siret": "13002170200076",
      "type": "A_FIABILISER",
      "uai": "0422302Z",
    },
    {
      "expectedSiret": "18130002100225",
      "expectedUai": "0133836Z",
      "isExpectedLieu": false,
      "rule_id": 3,
      "siret": "18130002100225",
      "type": "A_FIABILISER",
      "uai": "0133527N",
    },
    {
      "expectedSiret": "19251202800015",
      "expectedUai": "0251853D",
      "isExpectedLieu": false,
      "rule_id": 8,
      "siret": "19251202800023",
      "type": "A_FIABILISER",
      "uai": "0251853D",
    },
    {
      "expectedSiret": "48927001700010",
      "expectedUai": "0451690T",
      "isExpectedLieu": false,
      "rule_id": 3,
      "siret": "48927001700010",
      "type": "A_FIABILISER",
      "uai": "0180982V",
    },
    {
      "expectedSiret": "48927001700010",
      "expectedUai": "0451690T",
      "isExpectedLieu": false,
      "rule_id": 3,
      "siret": "48927001700010",
      "type": "A_FIABILISER",
      "uai": "0281165P",
    },
    {
      "expectedSiret": "77623409800015",
      "expectedUai": "0070064G",
      "isExpectedLieu": false,
      "rule_id": 3,
      "siret": "77623409800015",
      "type": "A_FIABILISER",
      "uai": "0070115M",
    },
    {
      "expectedSiret": "89307491400019",
      "expectedUai": "0694566N",
      "isExpectedLieu": false,
      "rule_id": 2,
      "siret": "8930749140027",
      "type": "A_FIABILISER",
      "uai": "0694566N",
    },
  ],
}
`;
